[0.000s] Performance log started
[0.000s] Load image paths...
[0.002s] Load image paths done (0.002s)
[0.002s] Found 428 images
[0.004s] Image.open...
[0.009s] Image.open done (0.005s)
[0.009s] OCR...
[0.418s] OCR done (0.409s)
[0.419s] Image.rotate...
[0.420s] Image.rotate done (0.001s)
[0.420s] OCR...
[0.938s] OCR done (0.517s)
[0.938s] Image.open...
[0.938s] Image.open done (0.000s)
[0.938s] OCR...
[1.340s] OCR done (0.402s)
[1.340s] Image.rotate...
[1.341s] Image.rotate done (0.002s)
[1.341s] OCR...
[1.856s] OCR done (0.515s)
[1.856s] Image.open...
[1.856s] Image.open done (0.000s)
[1.856s] OCR...
[2.259s] OCR done (0.403s)
[2.259s] Image.rotate...
[2.261s] Image.rotate done (0.001s)
[2.261s] OCR...
[2.782s] OCR done (0.521s)
[2.782s] Image.open...
[2.782s] Image.open done (0.000s)
[2.782s] OCR...
[3.151s] OCR done (0.368s)
[3.151s] Image.rotate...
[3.152s] Image.rotate done (0.001s)
[3.152s] OCR...
[3.659s] OCR done (0.507s)
[3.660s] Image.open...
[3.660s] Image.open done (0.000s)
[3.660s] OCR...
[4.006s] OCR done (0.346s)
[4.006s] Image.rotate...
[4.008s] Image.rotate done (0.001s)
[4.008s] OCR...
[4.530s] OCR done (0.522s)
[4.530s] Image.open...
[4.530s] Image.open done (0.000s)
[4.530s] OCR...
[4.951s] OCR done (0.421s)
[4.951s] Image.rotate...
[4.953s] Image.rotate done (0.001s)
[4.953s] OCR...
[5.509s] OCR done (0.556s)
[5.509s] Image.open...
[5.509s] Image.open done (0.000s)
[5.509s] OCR...
[5.908s] OCR done (0.399s)
[5.908s] Image.rotate...
[5.909s] Image.rotate done (0.001s)
[5.909s] OCR...
[6.398s] OCR done (0.488s)
[6.398s] Image.open...
[6.398s] Image.open done (0.000s)
[6.398s] OCR...
[6.806s] OCR done (0.408s)
[6.806s] Image.rotate...
[6.807s] Image.rotate done (0.001s)
[6.807s] OCR...
[7.303s] OCR done (0.495s)
[7.303s] Image.open...
[7.303s] Image.open done (0.000s)
[7.303s] OCR...
[7.731s] OCR done (0.428s)
[7.731s] Image.rotate...
[7.733s] Image.rotate done (0.002s)
[7.733s] OCR...
[8.258s] OCR done (0.525s)
[8.258s] Image.open...
[8.258s] Image.open done (0.000s)
[8.258s] OCR...
[8.639s] OCR done (0.380s)
[8.639s] Image.rotate...
[8.640s] Image.rotate done (0.001s)
[8.640s] OCR...
[9.129s] OCR done (0.488s)
[9.129s] Image.open...
[9.129s] Image.open done (0.000s)
[9.129s] OCR...
[9.574s] OCR done (0.445s)
[9.574s] Image.rotate...
[9.575s] Image.rotate done (0.001s)
[9.575s] OCR...
